src/pages/ProductDetailPage.tsx(7,3): error TS6133: 'Award' is declared but its value is never read.
src/pages/ProductDetailPage.tsx(13,11): error TS6133: 'LinkIcon' is declared but its value is never read.
src/pages/ProductsPage.tsx(6,3): error TS6133: 'ArrowRight' is declared but its value is never read.
src/pages/ProductsPage.tsx(7,3): error TS6133: 'ShoppingBag' is declared but its value is never read.
src/pages/ProductsPage.tsx(8,3): error TS6133: 'ChevronRight' is declared but its value is never read.
src/pages/ProductsPage.tsx(11,3): error TS6133: 'Tag' is declared but its value is never read.
src/pages/ProductsPage.tsx(262,10): error TS6133: 'PackageCheck' is declared but its value is never read.
src/pages/RegisterPage.tsx(8,9): error TS6133: 'navigate' is declared but its value is never read.
src/pages/SalesDataPage.tsx(11,3): error TS6133: 'TrendingUp' is declared but its value is never read.
src/pages/SalesDataPage.tsx(12,3): error TS6133: 'ArrowRight' is declared but its value is never read.
